duct16   tau  0.60  flux 2.88965e-13  steps    6410  to 1%:    0.15 s  to 0.1%:    0.21 s
duct16   tau  0.80  flux 2.88966e-13  steps    3010  to 1%:    0.03 s  to 0.1%:    0.06 s
duct16   tau  1.00  flux 2.88966e-13  steps    2010  to 1%:    0.02 s  to 0.1%:    0.04 s
duct16   tau  1.50  flux 2.88966e-13  steps    2010  to 1%:    0.02 s  to 0.1%:    0.03 s
duct16   tau  2.00  flux 2.88966e-13  steps    2610  to 1%:    0.02 s  to 0.1%:    0.02 s
duct32   tau  0.60  flux 4.61042e-12  steps   22410  to 1%:    2.10 s  to 0.1%:    3.15 s
duct32   tau  0.80  flux 4.61071e-12  steps    7410  to 1%:    0.76 s  to 0.1%:    1.05 s
duct32   tau  1.00  flux 4.61074e-12  steps    6410  to 1%:    0.46 s  to 0.1%:    0.76 s
duct32   tau  1.50  flux 4.61074e-12  steps    4410  to 1%:    0.35 s  to 0.1%:    0.47 s
duct32   tau  2.00  flux 4.61074e-12  steps    3210  to 1%:    0.29 s  to 0.1%:    0.35 s
pipe6    tau  0.60  flux 5.97653e-14  steps    3210  to 1%:    0.02 s  to 0.1%:    0.04 s
pipe6    tau  0.80  flux 5.97653e-14  steps    1610  to 1%:    0.01 s  to 0.1%:    0.01 s
pipe6    tau  1.00  flux 5.97653e-14  steps    2210  to 1%:    0.01 s  to 0.1%:    0.01 s
pipe6    tau  1.50  flux 5.97652e-14  steps    2010  to 1%:    0.01 s  to 0.1%:    0.01 s
pipe6    tau  2.00  flux 5.97652e-14  steps    2210  to 1%:    0.01 s  to 0.1%:    0.01 s
pipe12   tau  0.60  flux 9.79272e-13  steps   11610  to 1%:    0.36 s  to 0.1%:    0.55 s
pipe12   tau  0.80  flux 9.79286e-13  steps    5410  to 1%:    0.13 s  to 0.1%:    0.21 s
pipe12   tau  1.00  flux 9.79287e-13  steps    4410  to 1%:    0.08 s  to 0.1%:    0.15 s
pipe12   tau  1.50  flux 9.79287e-13  steps    2210  to 1%:    0.08 s  to 0.1%:    0.11 s
pipe12   tau  2.00  flux 9.79286e-13  steps    3010  to 1%:    0.06 s  to 0.1%:    0.08 s
pipe24   tau  0.60  flux 1.60226e-11  steps   41410  to 1%:    9.43 s  to 0.1%:   14.15 s
pipe24   tau  0.80  flux 1.60263e-11  steps   12210  to 1%:    3.19 s  to 0.1%:    4.73 s
pipe24   tau  1.00  flux 1.60266e-11  steps   10810  to 1%:    2.09 s  to 0.1%:    3.20 s
pipe24   tau  1.50  flux 1.60267e-11  steps    7210  to 1%:    1.39 s  to 0.1%:    2.23 s
pipe24   tau  2.00  flux 1.60267e-11  steps    5810  to 1%:    1.11 s  to 0.1%:    1.67 s
porous   tau  0.60  flux 1.11434e-12  steps    3810  to 1%:    1.05 s  to 0.1%:    2.43 s
porous   tau  0.80  flux 1.11221e-12  steps    5210  to 1%:    1.04 s  to 0.1%:    2.42 s
porous   tau  1.00  flux 1.11081e-12  steps    8010  to 1%:    2.08 s  to 0.1%:    3.47 s
porous   tau  1.50  flux 1.10874e-12  steps   15410  to 1%:    3.83 s  to 0.1%:    6.61 s
porous   tau  2.00  flux 1.10762e-12  steps   22810  to 1%:    5.92 s  to 0.1%:   10.10 s
vessels  tau  0.60  flux 2.06021e-12  steps    9410  to 1%:    4.26 s  to 0.1%:    7.75 s
vessels  tau  0.80  flux 2.05742e-12  steps   18010  to 1%:    3.87 s  to 0.1%:   12.76 s
vessels  tau  1.00  flux 2.05568e-12  steps   29810  to 1%:    7.75 s  to 0.1%:   21.69 s
vessels  tau  1.50  flux 2.05319e-12  steps   55210  to 1%:   15.87 s  to 0.1%:   43.70 s
vessels  tau  2.00  flux 2.05186e-12  steps   77210  to 1%:   23.61 s  to 0.1%:   65.75 s
